<?xml version="1.0" encoding="UTF-8"?>
<testsuite name="prayertime" tests="1" failures="0">
  <testcase classname="prayertime" name="test-suite">
  </testcase>
</testsuite>
